session_id,visit_date,full_visitor_id,visit_id,client_id,visit_start_timestamp,visit_number,channel_grouping,hits,new_visits,total_screenviews,total_time_on_screen,total_time_on_site,total_lead_transactions,unique_screenviews
1,2020-12-17,12345,12345,12345,"2020-12-17 16:40:32",1,blah,4,2,4,234,234,1,4
2,2020-12-17,12345,12345,12345,"2020-12-17 16:40:32",1,blah,4,2,4,234,234,1,4
3,2020-12-17,12345,12345,12345,"2020-12-17 16:40:32",1,blah,4,2,4,234,234,1,4
4,2020-12-17,12345,12345,12345,"2020-12-17 16:40:32",1,blah,4,2,4,234,234,1,4
5,2020-12-17,12345,12345,12345,"2020-12-17 16:40:32",1,blah,4,2,4,234,234,1,4
6,2020-12-17,12345,12345,12345,"2020-12-17 16:40:32",1,blah,4,2,4,234,234,1,4
7,2020-12-17,12345,12345,12345,"2020-12-17 16:40:32",1,blah,4,2,4,234,234,1,4